// Jest Snapshot v1, https://goo.gl/fbAQLP

exports[`<Temperature /> renders correctly 1`] = `
.c0 {
  background-color: #111111;
  box-shadow: 1px 1px 2px rgba(0,0,0,0.1);
  padding: 10px;
  border-radius: 2px;
}

.c1 {
  font-size: 20px;
  color: #fff;
}

.c2 {
  font-size: 16px;
  color: #fff;
}

<div
  class="c0"
>
  <h2
    class="c1"
  >
    10Â°c
  </h2>
  <h3
    class="c2"
  >
    Recife
  </h3>
</div>
`;
